Archive member included because of file (symbol)

c:/program files (x86)/atmel/avr tools/avr toolchain/bin/../lib/gcc/avr/4.6.2/avrxmega7\libgcc.a(_mulsi3.o)
                              ./mcu/atmel/mcu_atxmega128a1.o (__mulsi3)
c:/program files (x86)/atmel/avr tools/avr toolchain/bin/../lib/gcc/avr/4.6.2/avrxmega7\libgcc.a(_udivmodhi4.o)
                              ./modul/fifo/fifo.o (__udivmodhi4)
c:/program files (x86)/atmel/avr tools/avr toolchain/bin/../lib/gcc/avr/4.6.2/avrxmega7\libgcc.a(_divmodhi4.o)
                              ./basis_uebung.o (__divmodhi4)
c:/program files (x86)/atmel/avr tools/avr toolchain/bin/../lib/gcc/avr/4.6.2/avrxmega7\libgcc.a(_udivmodsi4.o)
                              ./modul/fifo/fifo.o (__udivmodsi4)
c:/program files (x86)/atmel/avr tools/avr toolchain/bin/../lib/gcc/avr/4.6.2/avrxmega7\libgcc.a(_exit.o)
                              c:/program files (x86)/atmel/avr tools/avr toolchain/bin/../lib/gcc/avr/4.6.2/../../../../avr/lib/avrxmega7/crtx128a1.o (exit)
c:/program files (x86)/atmel/avr tools/avr toolchain/bin/../lib/gcc/avr/4.6.2/avrxmega7\libgcc.a(_copy_data.o)
                              ./modul/st7036/st7036.o (__do_copy_data)
c:/program files (x86)/atmel/avr tools/avr toolchain/bin/../lib/gcc/avr/4.6.2/avrxmega7\libgcc.a(_clear_bss.o)
                              ./modul/st7036/st7036.o (__do_clear_bss)
c:/program files (x86)/atmel/avr tools/avr toolchain/bin/../lib/gcc/avr/4.6.2/../../../../avr/lib/avrxmega7\libc.a(memcpy.o)
                              ./modul/fifo/fifo.o (memcpy)
c:/program files (x86)/atmel/avr tools/avr toolchain/bin/../lib/gcc/avr/4.6.2/../../../../avr/lib/avrxmega7\libc.a(memset.o)
                              ./modul/st7036/st7036.o (memset)

Allocating common symbols
Common symbol       size              file

contrast_value      0x1               ./modul/st7036/st7036.o
temp_var_reg_function_set
                    0x1               ./modul/st7036/st7036.o

Memory Configuration

Name             Origin             Length             Attributes
text             0x00000000         0x00100000         xr
data             0x00802000         0x0000ffa0         rw !x
eeprom           0x00810000         0x00010000         rw !x
fuse             0x00820000         0x00000400         rw !x
lock             0x00830000         0x00000400         rw !x
signature        0x00840000         0x00000400         rw !x
*default*        0x00000000         0xffffffff

Linker script and memory map

LOAD c:/program files (x86)/atmel/avr tools/avr toolchain/bin/../lib/gcc/avr/4.6.2/../../../../avr/lib/avrxmega7/crtx128a1.o
LOAD ./modul/st7036/st7036.o
LOAD ./modul/fifo/fifo.o
LOAD ./mcu/atmel/mcu_atxmega128a1.o
LOAD ./board/board_xmega_a1_xplained.o
LOAD ./basis_uebung.o
LOAD ./rsbs_xplained.o
LOAD c:/program files (x86)/atmel/avr tools/avr toolchain/bin/../lib/gcc/avr/4.6.2/avrxmega7\libgcc.a
LOAD c:/program files (x86)/atmel/avr tools/avr toolchain/bin/../lib/gcc/avr/4.6.2/../../../../avr/lib/avrxmega7\libc.a
LOAD c:/program files (x86)/atmel/avr tools/avr toolchain/bin/../lib/gcc/avr/4.6.2/avrxmega7\libgcc.a

.hash
 *(.hash)

.dynsym
 *(.dynsym)

.dynstr
 *(.dynstr)

.gnu.version
 *(.gnu.version)

.gnu.version_d
 *(.gnu.version_d)

.gnu.version_r
 *(.gnu.version_r)

.rel.init
 *(.rel.init)

.rela.init
 *(.rela.init)

.rel.text
 *(.rel.text)
 *(.rel.text.*)
 *(.rel.gnu.linkonce.t*)

.rela.text
 *(.rela.text)
 *(.rela.text.*)
 *(.rela.gnu.linkonce.t*)

.rel.fini
 *(.rel.fini)

.rela.fini
 *(.rela.fini)

.rel.rodata
 *(.rel.rodata)
 *(.rel.rodata.*)
 *(.rel.gnu.linkonce.r*)

.rela.rodata
 *(.rela.rodata)
 *(.rela.rodata.*)
 *(.rela.gnu.linkonce.r*)

.rel.data
 *(.rel.data)
 *(.rel.data.*)
 *(.rel.gnu.linkonce.d*)

.rela.data
 *(.rela.data)
 *(.rela.data.*)
 *(.rela.gnu.linkonce.d*)

.rel.ctors
 *(.rel.ctors)

.rela.ctors
 *(.rela.ctors)

.rel.dtors
 *(.rel.dtors)

.rela.dtors
 *(.rela.dtors)

.rel.got
 *(.rel.got)

.rela.got
 *(.rela.got)

.rel.bss
 *(.rel.bss)

.rela.bss
 *(.rela.bss)

.rel.plt
 *(.rel.plt)

.rela.plt
 *(.rela.plt)

.text           0x00000000     0x3978
 *(.vectors)
 .vectors       0x00000000      0x1f4 c:/program files (x86)/atmel/avr tools/avr toolchain/bin/../lib/gcc/avr/4.6.2/../../../../avr/lib/avrxmega7/crtx128a1.o
                0x00000000                __vector_default
                0x00000000                __vectors
 *(.vectors)
 *(.progmem.gcc*)
 .progmem.gcc_sw_table
                0x000001f4       0x50 ./mcu/atmel/mcu_atxmega128a1.o
 *(.progmem*)
                0x00000244                . = ALIGN (0x2)
                0x00000244                __trampolines_start = .
 *(.trampolines)
 .trampolines   0x00000244        0x0 linker stubs
 *(.trampolines*)
                0x00000244                __trampolines_end = .
 *(.jumptables)
 *(.jumptables*)
 *(.lowtext)
 *(.lowtext*)
                0x00000244                __ctors_start = .
 *(.ctors)
                0x00000244                __ctors_end = .
                0x00000244                __dtors_start = .
 *(.dtors)
                0x00000244                __dtors_end = .
 SORT(*)(.ctors)
 SORT(*)(.dtors)
 *(.init0)
 .init0         0x00000244        0x0 c:/program files (x86)/atmel/avr tools/avr toolchain/bin/../lib/gcc/avr/4.6.2/../../../../avr/lib/avrxmega7/crtx128a1.o
                0x00000244                __init
 *(.init0)
 *(.init1)
 *(.init1)
 *(.init2)
 .init2         0x00000244       0x18 c:/program files (x86)/atmel/avr tools/avr toolchain/bin/../lib/gcc/avr/4.6.2/../../../../avr/lib/avrxmega7/crtx128a1.o
 *(.init2)
 *(.init3)
 *(.init3)
 *(.init4)
 .init4         0x0000025c       0x1c c:/program files (x86)/atmel/avr tools/avr toolchain/bin/../lib/gcc/avr/4.6.2/avrxmega7\libgcc.a(_copy_data.o)
                0x0000025c                __do_copy_data
 .init4         0x00000278       0x10 c:/program files (x86)/atmel/avr tools/avr toolchain/bin/../lib/gcc/avr/4.6.2/avrxmega7\libgcc.a(_clear_bss.o)
                0x00000278                __do_clear_bss
 *(.init4)
 *(.init5)
 *(.init5)
 *(.init6)
 *(.init6)
 *(.init7)
 *(.init7)
 *(.init8)
 *(.init8)
 *(.init9)
 .init9         0x00000288        0x8 c:/program files (x86)/atmel/avr tools/avr toolchain/bin/../lib/gcc/avr/4.6.2/../../../../avr/lib/avrxmega7/crtx128a1.o
 *(.init9)
 *(.text)
 .text          0x00000290        0x4 c:/program files (x86)/atmel/avr tools/avr toolchain/bin/../lib/gcc/avr/4.6.2/../../../../avr/lib/avrxmega7/crtx128a1.o
                0x00000290                __vector_38
                0x00000290                __vector_22
                0x00000290                __vector_63
                0x00000290                __vector_1
                0x00000290                __vector_32
                0x00000290                __vector_75
                0x00000290                __vector_62
                0x00000290                __vector_102
                0x00000290                __vector_24
                0x00000290                __vector_12
                0x00000290                __vector_55
                0x00000290                __vector_69
                0x00000290                __vector_81
                0x00000290                __vector_90
                0x00000290                __vector_46
                0x00000290                __bad_interrupt
                0x00000290                __vector_72
                0x00000290                __vector_6
                0x00000290                __vector_110
                0x00000290                __vector_31
                0x00000290                __vector_92
                0x00000290                __vector_78
                0x00000290                __vector_74
                0x00000290                __vector_117
                0x00000290                __vector_39
                0x00000290                __vector_107
                0x00000290                __vector_23
                0x00000290                __vector_68
                0x00000290                __vector_30
                0x00000290                __vector_73
                0x00000290                __vector_45
                0x00000290                __vector_93
                0x00000290                __vector_11
                0x00000290                __vector_54
                0x00000290                __vector_13
                0x00000290                __vector_17
                0x00000290                __vector_19
                0x00000290                __vector_56
                0x00000290                __vector_7
                0x00000290                __vector_49
                0x00000290                __vector_123
                0x00000290                __vector_41
                0x00000290                __vector_86
                0x00000290                __vector_109
                0x00000290                __vector_27
                0x00000290                __vector_113
                0x00000290                __vector_33
                0x00000290                __vector_76
                0x00000290                __vector_115
                0x00000290                __vector_52
                0x00000290                __vector_37
                0x00000290                __vector_103
                0x00000290                __vector_89
                0x00000290                __vector_82
                0x00000290                __vector_106
                0x00000290                __vector_118
                0x00000290                __vector_51
                0x00000290                __vector_9
                0x00000290                __vector_21
                0x00000290                __vector_15
                0x00000290                __vector_36
                0x00000290                __vector_79
                0x00000290                __vector_70
                0x00000290                __vector_29
                0x00000290                __vector_60
                0x00000290                __vector_121
                0x00000290                __vector_40
                0x00000290                __vector_85
                0x00000290                __vector_8
                0x00000290                __vector_26
                0x00000290                __vector_48
                0x00000290                __vector_124
                0x00000290                __vector_116
                0x00000290                __vector_112
                0x00000290                __vector_111
                0x00000290                __vector_80
                0x00000290                __vector_84
                0x00000290                __vector_57
                0x00000290                __vector_10
                0x00000290                __vector_50
                0x00000290                __vector_16
                0x00000290                __vector_59
                0x00000290                __vector_18
                0x00000290                __vector_42
                0x00000290                __vector_87
                0x00000290                __vector_120
 .text          0x00000294        0x0 ./modul/st7036/st7036.o
 .text          0x00000294        0x0 ./modul/fifo/fifo.o
 .text          0x00000294        0x0 ./mcu/atmel/mcu_atxmega128a1.o
 .text          0x00000294        0x0 ./board/board_xmega_a1_xplained.o
 .text          0x00000294        0x0 ./basis_uebung.o
 .text          0x00000294        0x0 ./rsbs_xplained.o
 .text          0x00000294        0x0 c:/program files (x86)/atmel/avr tools/avr toolchain/bin/../lib/gcc/avr/4.6.2/avrxmega7\libgcc.a(_mulsi3.o)
 .text          0x00000294        0x0 c:/program files (x86)/atmel/avr tools/avr toolchain/bin/../lib/gcc/avr/4.6.2/avrxmega7\libgcc.a(_udivmodhi4.o)
 .text          0x00000294        0x0 c:/program files (x86)/atmel/avr tools/avr toolchain/bin/../lib/gcc/avr/4.6.2/avrxmega7\libgcc.a(_divmodhi4.o)
 .text          0x00000294        0x0 c:/program files (x86)/atmel/avr tools/avr toolchain/bin/../lib/gcc/avr/4.6.2/avrxmega7\libgcc.a(_udivmodsi4.o)
 .text          0x00000294        0x0 c:/program files (x86)/atmel/avr tools/avr toolchain/bin/../lib/gcc/avr/4.6.2/avrxmega7\libgcc.a(_exit.o)
 .text          0x00000294        0x0 c:/program files (x86)/atmel/avr tools/avr toolchain/bin/../lib/gcc/avr/4.6.2/avrxmega7\libgcc.a(_copy_data.o)
 .text          0x00000294        0x0 c:/program files (x86)/atmel/avr tools/avr toolchain/bin/../lib/gcc/avr/4.6.2/avrxmega7\libgcc.a(_clear_bss.o)
 .text          0x00000294        0x0 c:/program files (x86)/atmel/avr tools/avr toolchain/bin/../lib/gcc/avr/4.6.2/../../../../avr/lib/avrxmega7\libc.a(memcpy.o)
 .text          0x00000294        0x0 c:/program files (x86)/atmel/avr tools/avr toolchain/bin/../lib/gcc/avr/4.6.2/../../../../avr/lib/avrxmega7\libc.a(memset.o)
                0x00000294                . = ALIGN (0x2)
 *(.text.*)
 .text.st7036_wr_register
                0x00000294       0x38 ./modul/st7036/st7036.o
 .text.st7036_set_contrast
                0x000002cc       0x24 ./modul/st7036/st7036.o
                0x000002cc                st7036_set_contrast
 .text.st7036_get_contrast
                0x000002f0        0x6 ./modul/st7036/st7036.o
                0x000002f0                st7036_get_contrast
 .text.st7036_goto
                0x000002f6       0x66 ./modul/st7036/st7036.o
                0x000002f6                st7036_goto
 .text.st7036_clear
                0x0000035c       0x2a ./modul/st7036/st7036.o
                0x0000035c                st7036_clear
 .text.st7036_init
                0x00000386       0xee ./modul/st7036/st7036.o
                0x00000386                st7036_init
 .text.st7036_home
                0x00000474        0xa ./modul/st7036/st7036.o
                0x00000474                st7036_home
 .text.st7036_next_line
                0x0000047e       0x2c ./modul/st7036/st7036.o
 .text.st7036_putc
                0x000004aa       0xc8 ./modul/st7036/st7036.o
                0x000004aa                st7036_putc
 .text.fifo_init
                0x00000572       0x3a ./modul/fifo/fifo.o
                0x00000572                fifo_init
 .text.fifo_clear
                0x000005ac       0x10 ./modul/fifo/fifo.o
                0x000005ac                fifo_clear
 .text.fifo_put
                0x000005bc       0x8e ./modul/fifo/fifo.o
                0x000005bc                fifo_put
 .text.fifo_put32
                0x0000064a       0x2a ./modul/fifo/fifo.o
                0x0000064a                fifo_put32
 .text.fifo_put16
                0x00000674       0x24 ./modul/fifo/fifo.o
                0x00000674                fifo_put16
 .text.fifo_put8
                0x00000698       0x1e ./modul/fifo/fifo.o
                0x00000698                fifo_put8
 .text.fifo_get
                0x000006b6       0x8c ./modul/fifo/fifo.o
                0x000006b6                fifo_get
 .text.fifo_get8
                0x00000742       0x20 ./modul/fifo/fifo.o
                0x00000742                fifo_get8
 .text.fifo_get16
                0x00000762       0x28 ./modul/fifo/fifo.o
                0x00000762                fifo_get16
 .text.fifo_get32
                0x0000078a       0x32 ./modul/fifo/fifo.o
                0x0000078a                fifo_get32
 .text.fifo_data_available
                0x000007bc        0x8 ./modul/fifo/fifo.o
                0x000007bc                fifo_data_available
 .text.fifo_is_full
                0x000007c4       0x16 ./modul/fifo/fifo.o
                0x000007c4                fifo_is_full
 .text.fifo_get_average
                0x000007da       0x82 ./modul/fifo/fifo.o
                0x000007da                fifo_get_average
 .text.fifo_get_median
                0x0000085c       0xc4 ./modul/fifo/fifo.o
                0x0000085c                fifo_get_median
 .text.mcu_atxega128a1_init
                0x00000920      0x292 ./mcu/atmel/mcu_atxmega128a1.o
 .text.mcu_get_port_reg
                0x00000bb2       0x94 ./mcu/atmel/mcu_atxmega128a1.o
 .text.mcu_set_port_pinnctrl
                0x00000c46      0x114 ./mcu/atmel/mcu_atxmega128a1.o
 .text.mcu_io_int_set_intctrl
                0x00000d5a      0x130 ./mcu/atmel/mcu_atxmega128a1.o
 .text.mcu_timer_set_start.part.0
                0x00000e8a      0x10e ./mcu/atmel/mcu_atxmega128a1.o
 .text.mcu_uart_rcv_interrupt
                0x00000f98       0x5e ./mcu/atmel/mcu_atxmega128a1.o
 .text.mcu_get_frq_external
                0x00000ff6        0x8 ./mcu/atmel/mcu_atxmega128a1.o
                0x00000ff6                mcu_get_frq_external
 .text.mcu_get_frq_cpu
                0x00000ffe       0x12 ./mcu/atmel/mcu_atxmega128a1.o
                0x00000ffe                mcu_get_frq_cpu
 .text.mcu_get_frq_peripheral
                0x00001010       0x12 ./mcu/atmel/mcu_atxmega128a1.o
                0x00001010                mcu_get_frq_peripheral
 .text.mcu_init
                0x00001022       0xea ./mcu/atmel/mcu_atxmega128a1.o
                0x00001022                mcu_init
 .text.mcu_init_max_internal
                0x0000110c       0x16 ./mcu/atmel/mcu_atxmega128a1.o
                0x0000110c                mcu_init_max_internal
 .text.mcu_init_max_external
                0x00001122       0x58 ./mcu/atmel/mcu_atxmega128a1.o
                0x00001122                mcu_init_max_external
 .text.mcu_enable_interrupt
                0x0000117a        0x4 ./mcu/atmel/mcu_atxmega128a1.o
                0x0000117a                mcu_enable_interrupt
 .text.mcu_disable_interrupt
                0x0000117e        0x4 ./mcu/atmel/mcu_atxmega128a1.o
                0x0000117e                mcu_disable_interrupt
 .text.mcu_soft_reset
                0x00001182        0xe ./mcu/atmel/mcu_atxmega128a1.o
                0x00001182                mcu_soft_reset
 .text.mcu_io_set_port_dir
                0x00001190       0x22 ./mcu/atmel/mcu_atxmega128a1.o
                0x00001190                mcu_io_set_port_dir
 .text.mcu_io_set_dir
                0x000011b2       0x68 ./mcu/atmel/mcu_atxmega128a1.o
                0x000011b2                mcu_io_set_dir
 .text.mcu_io_set_pullup
                0x0000121a        0x8 ./mcu/atmel/mcu_atxmega128a1.o
                0x0000121a                mcu_io_set_pullup
 .text.mcu_io_set
                0x00001222       0x6e ./mcu/atmel/mcu_atxmega128a1.o
                0x00001222                mcu_io_set
 .text.mcu_io_get
                0x00001290       0x66 ./mcu/atmel/mcu_atxmega128a1.o
                0x00001290                mcu_io_get
 .text.__vector_66
                0x000012f6       0x74 ./mcu/atmel/mcu_atxmega128a1.o
                0x000012f6                __vector_66
 .text.__vector_67
                0x0000136a       0x74 ./mcu/atmel/mcu_atxmega128a1.o
                0x0000136a                __vector_67
 .text.__vector_34
                0x000013de       0x74 ./mcu/atmel/mcu_atxmega128a1.o
                0x000013de                __vector_34
 .text.__vector_35
                0x00001452       0x74 ./mcu/atmel/mcu_atxmega128a1.o
                0x00001452                __vector_35
 .text.__vector_2
                0x000014c6       0x74 ./mcu/atmel/mcu_atxmega128a1.o
                0x000014c6                __vector_2
 .text.__vector_3
                0x0000153a       0x74 ./mcu/atmel/mcu_atxmega128a1.o
                0x0000153a                __vector_3
 .text.__vector_43
                0x000015ae       0x74 ./mcu/atmel/mcu_atxmega128a1.o
                0x000015ae                __vector_43
 .text.__vector_44
                0x00001622       0x74 ./mcu/atmel/mcu_atxmega128a1.o
                0x00001622                __vector_44
 .text.__vector_104
                0x00001696       0x74 ./mcu/atmel/mcu_atxmega128a1.o
                0x00001696                __vector_104
 .text.__vector_105
                0x0000170a       0x74 ./mcu/atmel/mcu_atxmega128a1.o
                0x0000170a                __vector_105
 .text.__vector_96
                0x0000177e       0x74 ./mcu/atmel/mcu_atxmega128a1.o
                0x0000177e                __vector_96
 .text.__vector_97
                0x000017f2       0x74 ./mcu/atmel/mcu_atxmega128a1.o
                0x000017f2                __vector_97
 .text.__vector_98
                0x00001866       0x74 ./mcu/atmel/mcu_atxmega128a1.o
                0x00001866                __vector_98
 .text.__vector_99
                0x000018da       0x74 ./mcu/atmel/mcu_atxmega128a1.o
                0x000018da                __vector_99
 .text.__vector_100
                0x0000194e       0x74 ./mcu/atmel/mcu_atxmega128a1.o
                0x0000194e                __vector_100
 .text.__vector_101
                0x000019c2       0x74 ./mcu/atmel/mcu_atxmega128a1.o
                0x000019c2                __vector_101
 .text.__vector_94
                0x00001a36       0x74 ./mcu/atmel/mcu_atxmega128a1.o
                0x00001a36                __vector_94
 .text.__vector_95
                0x00001aaa       0x74 ./mcu/atmel/mcu_atxmega128a1.o
                0x00001aaa                __vector_95
 .text.__vector_4
                0x00001b1e       0x74 ./mcu/atmel/mcu_atxmega128a1.o
                0x00001b1e                __vector_4
 .text.__vector_5
                0x00001b92       0x74 ./mcu/atmel/mcu_atxmega128a1.o
                0x00001b92                __vector_5
 .text.mcu_io_interrupt_init
                0x00001c06      0x172 ./mcu/atmel/mcu_atxmega128a1.o
                0x00001c06                mcu_io_interrupt_init
 .text.mcu_io_interrupt_disable
                0x00001d78        0xa ./mcu/atmel/mcu_atxmega128a1.o
                0x00001d78                mcu_io_interrupt_disable
 .text.mcu_io_interrupt_enable
                0x00001d82       0x20 ./mcu/atmel/mcu_atxmega128a1.o
                0x00001d82                mcu_io_interrupt_enable
 .text.__vector_77
                0x00001da2       0x6a ./mcu/atmel/mcu_atxmega128a1.o
                0x00001da2                __vector_77
 .text.__vector_83
                0x00001e0c       0x6a ./mcu/atmel/mcu_atxmega128a1.o
                0x00001e0c                __vector_83
 .text.__vector_47
                0x00001e76       0x6a ./mcu/atmel/mcu_atxmega128a1.o
                0x00001e76                __vector_47
 .text.__vector_53
                0x00001ee0       0x6a ./mcu/atmel/mcu_atxmega128a1.o
                0x00001ee0                __vector_53
 .text.__vector_108
                0x00001f4a       0x6a ./mcu/atmel/mcu_atxmega128a1.o
                0x00001f4a                __vector_108
 .text.__vector_114
                0x00001fb4       0x6a ./mcu/atmel/mcu_atxmega128a1.o
                0x00001fb4                __vector_114
 .text.mcu_timer_init
                0x0000201e      0x23a ./mcu/atmel/mcu_atxmega128a1.o
                0x0000201e                mcu_timer_init
 .text.mcu_timer_start
                0x00002258        0xe ./mcu/atmel/mcu_atxmega128a1.o
                0x00002258                mcu_timer_start
 .text.mcu_timer_stop
                0x00002266        0xe ./mcu/atmel/mcu_atxmega128a1.o
                0x00002266                mcu_timer_stop
 .text.mcu_timer_get_frq
                0x00002274       0x1c ./mcu/atmel/mcu_atxmega128a1.o
                0x00002274                mcu_timer_get_frq
 .text.mcu_uart_set_buffer
                0x00002290       0xb0 ./mcu/atmel/mcu_atxmega128a1.o
                0x00002290                mcu_uart_set_buffer
 .text.mcu_uart_set_alternate_receive
                0x00002340       0x60 ./mcu/atmel/mcu_atxmega128a1.o
                0x00002340                mcu_uart_set_alternate_receive
 .text.mcu_uart_set_baudrate
                0x000023a0      0x122 ./mcu/atmel/mcu_atxmega128a1.o
                0x000023a0                mcu_uart_set_baudrate
 .text.mcu_uart_init
                0x000024c2      0x136 ./mcu/atmel/mcu_atxmega128a1.o
                0x000024c2                mcu_uart_init
 .text.mcu_uart_get_baud
                0x000025f8       0x3a ./mcu/atmel/mcu_atxmega128a1.o
                0x000025f8                mcu_uart_get_baud
 .text.mcu_uart_putc
                0x00002632       0x20 ./mcu/atmel/mcu_atxmega128a1.o
                0x00002632                mcu_uart_putc
 .text.mcu_uart_available
                0x00002652       0x2e ./mcu/atmel/mcu_atxmega128a1.o
                0x00002652                mcu_uart_available
 .text.mcu_uart_getc
                0x00002680       0x2c ./mcu/atmel/mcu_atxmega128a1.o
                0x00002680                mcu_uart_getc
 .text.mcu_uart_clear_rx
                0x000026ac       0x60 ./mcu/atmel/mcu_atxmega128a1.o
                0x000026ac                mcu_uart_clear_rx
 .text.__vector_25
                0x0000270c       0x62 ./mcu/atmel/mcu_atxmega128a1.o
                0x0000270c                __vector_25
 .text.__vector_28
                0x0000276e       0x62 ./mcu/atmel/mcu_atxmega128a1.o
                0x0000276e                __vector_28
 .text.__vector_88
                0x000027d0       0x62 ./mcu/atmel/mcu_atxmega128a1.o
                0x000027d0                __vector_88
 .text.__vector_91
                0x00002832       0x62 ./mcu/atmel/mcu_atxmega128a1.o
                0x00002832                __vector_91
 .text.__vector_58
                0x00002894       0x62 ./mcu/atmel/mcu_atxmega128a1.o
                0x00002894                __vector_58
 .text.__vector_61
                0x000028f6       0x62 ./mcu/atmel/mcu_atxmega128a1.o
                0x000028f6                __vector_61
 .text.__vector_119
                0x00002958       0x62 ./mcu/atmel/mcu_atxmega128a1.o
                0x00002958                __vector_119
 .text.__vector_122
                0x000029ba       0x62 ./mcu/atmel/mcu_atxmega128a1.o
                0x000029ba                __vector_122
 .text.mcu_spi_set_clock
                0x00002a1c      0x1a0 ./mcu/atmel/mcu_atxmega128a1.o
                0x00002a1c                mcu_spi_set_clock
 .text.mcu_spi_init
                0x00002bbc       0xc4 ./mcu/atmel/mcu_atxmega128a1.o
                0x00002bbc                mcu_spi_init
 .text.mcu_spi_send
                0x00002c80       0x64 ./mcu/atmel/mcu_atxmega128a1.o
                0x00002c80                mcu_spi_send
 .text.mcu_spi_get_frq
                0x00002ce4       0x3a ./mcu/atmel/mcu_atxmega128a1.o
                0x00002ce4                mcu_spi_get_frq
 .text.__vector_71
                0x00002d1e       0x7e ./mcu/atmel/mcu_atxmega128a1.o
                0x00002d1e                __vector_71
 .text.mcu_ad_init
                0x00002d9c       0xf0 ./mcu/atmel/mcu_atxmega128a1.o
                0x00002d9c                mcu_ad_init
 .text.mcu_ad_start
                0x00002e8c       0x3c ./mcu/atmel/mcu_atxmega128a1.o
                0x00002e8c                mcu_ad_start
 .text.mcu_ad_ready
                0x00002ec8       0x36 ./mcu/atmel/mcu_atxmega128a1.o
                0x00002ec8                mcu_ad_ready
 .text.mcu_ad_read
                0x00002efe       0x36 ./mcu/atmel/mcu_atxmega128a1.o
                0x00002efe                mcu_ad_read
 .text.mcu_wait_us
                0x00002f34       0x16 ./mcu/atmel/mcu_atxmega128a1.o
                0x00002f34                mcu_wait_us
 .text.mcu_wait_ms
                0x00002f4a       0x20 ./mcu/atmel/mcu_atxmega128a1.o
                0x00002f4a                mcu_wait_ms
 .text.board_init
                0x00002f6a       0x6e ./board/board_xmega_a1_xplained.o
                0x00002f6a                board_init
 .text.board_led_set
                0x00002fd8        0xe ./board/board_xmega_a1_xplained.o
                0x00002fd8                board_led_set
 .text.board_led_toggle
                0x00002fe6       0x1e ./board/board_xmega_a1_xplained.o
                0x00002fe6                board_led_toggle
 .text.board_button_get
                0x00003004       0x10 ./board/board_xmega_a1_xplained.o
                0x00003004                board_button_get
 .text.board_reset_sw_init
                0x00003014       0x1e ./board/board_xmega_a1_xplained.o
                0x00003014                board_reset_sw_init
 .text.board_sw_reset
                0x00003032        0xe ./board/board_xmega_a1_xplained.o
                0x00003032                board_sw_reset
 .text.__vector_64
                0x00003040       0x8a ./board/board_xmega_a1_xplained.o
                0x00003040                __vector_64
 .text.printNumber
                0x000030ca       0x50 ./basis_uebung.o
                0x000030ca                printNumber
 .text.printTime
                0x0000311a       0x5e ./basis_uebung.o
                0x0000311a                printTime
 .text.alarm    0x00003178       0x70 ./basis_uebung.o
                0x00003178                alarm
 .text.startTimer
                0x000031e8       0xbc ./basis_uebung.o
                0x000031e8                startTimer
 .text.toTimeInSeconds
                0x000032a4       0x34 ./basis_uebung.o
                0x000032a4                toTimeInSeconds
 .text.startup.main
                0x000032d8      0x438 ./basis_uebung.o
                0x000032d8                main
 .text.__vector_65
                0x00003710       0xa4 ./basis_uebung.o
                0x00003710                __vector_65
 .text.__vector_14
                0x000037b4       0x1c ./basis_uebung.o
                0x000037b4                __vector_14
 .text.__vector_20
                0x000037d0       0x1c ./basis_uebung.o
                0x000037d0                __vector_20
 .text.xplained_init
                0x000037ec       0x98 ./rsbs_xplained.o
                0x000037ec                xplained_init
 .text.libgcc   0x00003884       0x3e c:/program files (x86)/atmel/avr tools/avr toolchain/bin/../lib/gcc/avr/4.6.2/avrxmega7\libgcc.a(_mulsi3.o)
                0x00003884                __mulsi3
 .text.libgcc   0x000038c2       0x28 c:/program files (x86)/atmel/avr tools/avr toolchain/bin/../lib/gcc/avr/4.6.2/avrxmega7\libgcc.a(_udivmodhi4.o)
                0x000038c2                __udivmodhi4
 .text.libgcc   0x000038ea       0x26 c:/program files (x86)/atmel/avr tools/avr toolchain/bin/../lib/gcc/avr/4.6.2/avrxmega7\libgcc.a(_divmodhi4.o)
                0x000038ea                _div
                0x000038ea                __divmodhi4
 .text.libgcc   0x00003910       0x44 c:/program files (x86)/atmel/avr tools/avr toolchain/bin/../lib/gcc/avr/4.6.2/avrxmega7\libgcc.a(_udivmodsi4.o)
                0x00003910                __udivmodsi4
 .text.libgcc   0x00003954        0x0 c:/program files (x86)/atmel/avr tools/avr toolchain/bin/../lib/gcc/avr/4.6.2/avrxmega7\libgcc.a(_exit.o)
 .text.libgcc   0x00003954        0x0 c:/program files (x86)/atmel/avr tools/avr toolchain/bin/../lib/gcc/avr/4.6.2/avrxmega7\libgcc.a(_copy_data.o)
 .text.libgcc   0x00003954        0x0 c:/program files (x86)/atmel/avr tools/avr toolchain/bin/../lib/gcc/avr/4.6.2/avrxmega7\libgcc.a(_clear_bss.o)
 .text.avr-libc
                0x00003954       0x12 c:/program files (x86)/atmel/avr tools/avr toolchain/bin/../lib/gcc/avr/4.6.2/../../../../avr/lib/avrxmega7\libc.a(memcpy.o)
                0x00003954                memcpy
 .text.avr-libc
                0x00003966        0xe c:/program files (x86)/atmel/avr tools/avr toolchain/bin/../lib/gcc/avr/4.6.2/../../../../avr/lib/avrxmega7\libc.a(memset.o)
                0x00003966                memset
                0x00003974                . = ALIGN (0x2)
 *(.fini9)
 .fini9         0x00003974        0x0 c:/program files (x86)/atmel/avr tools/avr toolchain/bin/../lib/gcc/avr/4.6.2/avrxmega7\libgcc.a(_exit.o)
                0x00003974                _exit
                0x00003974                exit
 *(.fini9)
 *(.fini8)
 *(.fini8)
 *(.fini7)
 *(.fini7)
 *(.fini6)
 *(.fini6)
 *(.fini5)
 *(.fini5)
 *(.fini4)
 *(.fini4)
 *(.fini3)
 *(.fini3)
 *(.fini2)
 *(.fini2)
 *(.fini1)
 *(.fini1)
 *(.fini0)
 .fini0         0x00003974        0x4 c:/program files (x86)/atmel/avr tools/avr toolchain/bin/../lib/gcc/avr/4.6.2/avrxmega7\libgcc.a(_exit.o)
 *(.fini0)
                0x00003978                _etext = .

.data           0x00802000       0x42 load address 0x00003978
                0x00802000                PROVIDE (__data_start, .)
 *(.data)
 .data          0x00802000        0x0 c:/program files (x86)/atmel/avr tools/avr toolchain/bin/../lib/gcc/avr/4.6.2/../../../../avr/lib/avrxmega7/crtx128a1.o
 .data          0x00802000        0x0 ./modul/st7036/st7036.o
 .data          0x00802000        0x0 ./modul/fifo/fifo.o
 .data          0x00802000       0x10 ./mcu/atmel/mcu_atxmega128a1.o
 .data          0x00802010        0x0 ./board/board_xmega_a1_xplained.o
 .data          0x00802010        0x0 ./basis_uebung.o
 .data          0x00802010        0x0 ./rsbs_xplained.o
 .data          0x00802010        0x0 c:/program files (x86)/atmel/avr tools/avr toolchain/bin/../lib/gcc/avr/4.6.2/avrxmega7\libgcc.a(_mulsi3.o)
 .data          0x00802010        0x0 c:/program files (x86)/atmel/avr tools/avr toolchain/bin/../lib/gcc/avr/4.6.2/avrxmega7\libgcc.a(_udivmodhi4.o)
 .data          0x00802010        0x0 c:/program files (x86)/atmel/avr tools/avr toolchain/bin/../lib/gcc/avr/4.6.2/avrxmega7\libgcc.a(_divmodhi4.o)
 .data          0x00802010        0x0 c:/program files (x86)/atmel/avr tools/avr toolchain/bin/../lib/gcc/avr/4.6.2/avrxmega7\libgcc.a(_udivmodsi4.o)
 .data          0x00802010        0x0 c:/program files (x86)/atmel/avr tools/avr toolchain/bin/../lib/gcc/avr/4.6.2/avrxmega7\libgcc.a(_exit.o)
 .data          0x00802010        0x0 c:/program files (x86)/atmel/avr tools/avr toolchain/bin/../lib/gcc/avr/4.6.2/avrxmega7\libgcc.a(_copy_data.o)
 .data          0x00802010        0x0 c:/program files (x86)/atmel/avr tools/avr toolchain/bin/../lib/gcc/avr/4.6.2/avrxmega7\libgcc.a(_clear_bss.o)
 .data          0x00802010        0x0 c:/program files (x86)/atmel/avr tools/avr toolchain/bin/../lib/gcc/avr/4.6.2/../../../../avr/lib/avrxmega7\libc.a(memcpy.o)
 .data          0x00802010        0x0 c:/program files (x86)/atmel/avr tools/avr toolchain/bin/../lib/gcc/avr/4.6.2/../../../../avr/lib/avrxmega7\libc.a(memset.o)
 *(.data*)
 .data.modus    0x00802010        0x2 ./basis_uebung.o
                0x00802010                modus
 *(.rodata)
 *(.rodata*)
 .rodata.CSWTCH.30
                0x00802012        0x2 ./modul/st7036/st7036.o
 .rodata.st7036_2x40_ddr_addr
                0x00802014        0x2 ./modul/st7036/st7036.o
 .rodata.st7036_3x16_ddr_addr
                0x00802016        0x3 ./modul/st7036/st7036.o
 .rodata.CSWTCH.19
                0x00802019        0x8 ./mcu/atmel/mcu_atxmega128a1.o
 .rodata.mcu_uart_usartxn
                0x00802021       0x10 ./mcu/atmel/mcu_atxmega128a1.o
 .rodata.mcu_uart_tx_pin
                0x00802031        0x8 ./mcu/atmel/mcu_atxmega128a1.o
 .rodata.spixn  0x00802039        0x8 ./mcu/atmel/mcu_atxmega128a1.o
 *(.gnu.linkonce.d*)
                0x00802042                . = ALIGN (0x2)
 *fill*         0x00802041        0x1 00
                0x00802042                _edata = .
                0x00802042                PROVIDE (__data_end, .)

.bss            0x00802042      0x1a5
                0x00802042                PROVIDE (__bss_start, .)
 *(.bss)
 .bss           0x00802042        0x0 c:/program files (x86)/atmel/avr tools/avr toolchain/bin/../lib/gcc/avr/4.6.2/../../../../avr/lib/avrxmega7/crtx128a1.o
 .bss           0x00802042        0x0 ./modul/st7036/st7036.o
 .bss           0x00802042        0x0 ./modul/fifo/fifo.o
 .bss           0x00802042        0x0 ./mcu/atmel/mcu_atxmega128a1.o
 .bss           0x00802042        0x0 ./board/board_xmega_a1_xplained.o
 .bss           0x00802042        0x0 ./basis_uebung.o
 .bss           0x00802042        0x0 ./rsbs_xplained.o
 .bss           0x00802042        0x0 c:/program files (x86)/atmel/avr tools/avr toolchain/bin/../lib/gcc/avr/4.6.2/avrxmega7\libgcc.a(_mulsi3.o)
 .bss           0x00802042        0x0 c:/program files (x86)/atmel/avr tools/avr toolchain/bin/../lib/gcc/avr/4.6.2/avrxmega7\libgcc.a(_udivmodhi4.o)
 .bss           0x00802042        0x0 c:/program files (x86)/atmel/avr tools/avr toolchain/bin/../lib/gcc/avr/4.6.2/avrxmega7\libgcc.a(_divmodhi4.o)
 .bss           0x00802042        0x0 c:/program files (x86)/atmel/avr tools/avr toolchain/bin/../lib/gcc/avr/4.6.2/avrxmega7\libgcc.a(_udivmodsi4.o)
 .bss           0x00802042        0x0 c:/program files (x86)/atmel/avr tools/avr toolchain/bin/../lib/gcc/avr/4.6.2/avrxmega7\libgcc.a(_exit.o)
 .bss           0x00802042        0x0 c:/program files (x86)/atmel/avr tools/avr toolchain/bin/../lib/gcc/avr/4.6.2/avrxmega7\libgcc.a(_copy_data.o)
 .bss           0x00802042        0x0 c:/program files (x86)/atmel/avr tools/avr toolchain/bin/../lib/gcc/avr/4.6.2/avrxmega7\libgcc.a(_clear_bss.o)
 .bss           0x00802042        0x0 c:/program files (x86)/atmel/avr tools/avr toolchain/bin/../lib/gcc/avr/4.6.2/../../../../avr/lib/avrxmega7\libc.a(memcpy.o)
 .bss           0x00802042        0x0 c:/program files (x86)/atmel/avr tools/avr toolchain/bin/../lib/gcc/avr/4.6.2/../../../../avr/lib/avrxmega7\libc.a(memset.o)
 *(.bss*)
 .bss.st7036_type
                0x00802042        0x2 ./modul/st7036/st7036.o
 .bss.st7036_chip_select
                0x00802044        0x1 ./modul/st7036/st7036.o
 .bss.st7036_register_select
                0x00802045        0x1 ./modul/st7036/st7036.o
 .bss.st7036_spi_num
                0x00802046        0x1 ./modul/st7036/st7036.o
 .bss.st7036_row_num
                0x00802047        0x1 ./modul/st7036/st7036.o
 .bss.st7036_col_num
                0x00802048        0x1 ./modul/st7036/st7036.o
 .bss.st7036_cur_shown
                0x00802049       0x78 ./modul/st7036/st7036.o
 .bss.st7036_cur_pos_row
                0x008020c1        0x1 ./modul/st7036/st7036.o
 .bss.st7036_cur_pos_col
                0x008020c2        0x1 ./modul/st7036/st7036.o
 .bss.mcu_frq_cpu_hz
                0x008020c3        0x4 ./mcu/atmel/mcu_atxmega128a1.o
 .bss.mcu_frq_peripheral_hz
                0x008020c7        0x4 ./mcu/atmel/mcu_atxmega128a1.o
 .bss.mcu_frq_sys_hz
                0x008020cb        0x4 ./mcu/atmel/mcu_atxmega128a1.o
 .bss.mcu_frq_pll_hz
                0x008020cf        0x4 ./mcu/atmel/mcu_atxmega128a1.o
 .bss.mcu_external_pin
                0x008020d3        0x1 ./mcu/atmel/mcu_atxmega128a1.o
 .bss.mcu_int_io_callback
                0x008020d4       0x2c ./mcu/atmel/mcu_atxmega128a1.o
 .bss.mcu_timer_interrupt_callback
                0x00802100       0x10 ./mcu/atmel/mcu_atxmega128a1.o
 .bss.mcu_timer_interrupt_lvl
                0x00802110        0x8 ./mcu/atmel/mcu_atxmega128a1.o
 .bss.mcu_timer_frq
                0x00802118       0x10 ./mcu/atmel/mcu_atxmega128a1.o
 .bss.mcu_uart_buf
                0x00802128       0x70 ./mcu/atmel/mcu_atxmega128a1.o
 .bss.mcu_uart_alternative_receive
                0x00802198       0x10 ./mcu/atmel/mcu_atxmega128a1.o
 .bss.mcu_uart_baud
                0x008021a8       0x20 ./mcu/atmel/mcu_atxmega128a1.o
 .bss.mcu_spi_frq
                0x008021c8       0x10 ./mcu/atmel/mcu_atxmega128a1.o
 .bss.mcu_ad_callback
                0x008021d8        0x2 ./mcu/atmel/mcu_atxmega128a1.o
 .bss.mcu_ad_flag_ready
                0x008021da        0x1 ./mcu/atmel/mcu_atxmega128a1.o
 .bss.counter   0x008021db        0x2 ./basis_uebung.o
                0x008021db                counter
 .bss.seconds   0x008021dd        0x2 ./basis_uebung.o
                0x008021dd                seconds
 .bss.minutes   0x008021df        0x2 ./basis_uebung.o
                0x008021df                minutes
 .bss.hours     0x008021e1        0x2 ./basis_uebung.o
                0x008021e1                hours
 .bss.timeInSeconds
                0x008021e3        0x2 ./basis_uebung.o
                0x008021e3                timeInSeconds
 *(COMMON)
 COMMON         0x008021e5        0x2 ./modul/st7036/st7036.o
                0x008021e5                contrast_value
                0x008021e6                temp_var_reg_function_set
                0x008021e7                PROVIDE (__bss_end, .)
                0x00003978                __data_load_start = LOADADDR (.data)
                0x000039ba                __data_load_end = (__data_load_start + SIZEOF (.data))

.noinit         0x008021e7        0x0
                0x008021e7                PROVIDE (__noinit_start, .)
 *(.noinit*)
                0x008021e7                PROVIDE (__noinit_end, .)
                0x008021e7                _end = .
                0x008021e7                PROVIDE (__heap_start, .)

.eeprom         0x00810000        0x0
 *(.eeprom*)
                0x00810000                __eeprom_end = .

.fuse
 *(.fuse)
 *(.lfuse)
 *(.hfuse)
 *(.efuse)

.lock
 *(.lock*)

.signature
 *(.signature*)

.stab           0x00000000     0x77a0
 *(.stab)
 .stab          0x00000000      0x714 c:/program files (x86)/atmel/avr tools/avr toolchain/bin/../lib/gcc/avr/4.6.2/../../../../avr/lib/avrxmega7/crtx128a1.o
 .stab          0x00000714      0xb94 ./modul/st7036/st7036.o
                                0xba0 (size before relaxing)
 .stab          0x000012a8      0xaf8 ./modul/fifo/fifo.o
                                0xc90 (size before relaxing)
 .stab          0x00001da0     0x3ed0 ./mcu/atmel/mcu_atxmega128a1.o
                               0x4044 (size before relaxing)
 .stab          0x00005c70      0x714 ./board/board_xmega_a1_xplained.o
                               0x17f4 (size before relaxing)
 .stab          0x00006384      0xed0 ./basis_uebung.o
                               0x1fbc (size before relaxing)
 .stab          0x00007254      0x45c ./rsbs_xplained.o
                               0x1734 (size before relaxing)
 .stab          0x000076b0       0x84 c:/program files (x86)/atmel/avr tools/avr toolchain/bin/../lib/gcc/avr/4.6.2/../../../../avr/lib/avrxmega7\libc.a(memcpy.o)
                                 0x90 (size before relaxing)
 .stab          0x00007734       0x6c c:/program files (x86)/atmel/avr tools/avr toolchain/bin/../lib/gcc/avr/4.6.2/../../../../avr/lib/avrxmega7\libc.a(memset.o)
                                 0x78 (size before relaxing)

.stabstr        0x00000000    0x101ac
 *(.stabstr)
 .stabstr       0x00000000    0x101ac c:/program files (x86)/atmel/avr tools/avr toolchain/bin/../lib/gcc/avr/4.6.2/../../../../avr/lib/avrxmega7/crtx128a1.o

.stab.excl
 *(.stab.excl)

.stab.exclstr
 *(.stab.exclstr)

.stab.index
 *(.stab.index)

.stab.indexstr
 *(.stab.indexstr)

.comment
 *(.comment)

.debug
 *(.debug)

.line
 *(.line)

.debug_srcinfo
 *(.debug_srcinfo)

.debug_sfnames
 *(.debug_sfnames)

.debug_aranges  0x00000000       0xe0
 *(.debug_aranges)
 .debug_aranges
                0x00000000       0x20 c:/program files (x86)/atmel/avr tools/avr toolchain/bin/../lib/gcc/avr/4.6.2/avrxmega7\libgcc.a(_mulsi3.o)
 .debug_aranges
                0x00000020       0x20 c:/program files (x86)/atmel/avr tools/avr toolchain/bin/../lib/gcc/avr/4.6.2/avrxmega7\libgcc.a(_udivmodhi4.o)
 .debug_aranges
                0x00000040       0x20 c:/program files (x86)/atmel/avr tools/avr toolchain/bin/../lib/gcc/avr/4.6.2/avrxmega7\libgcc.a(_divmodhi4.o)
 .debug_aranges
                0x00000060       0x20 c:/program files (x86)/atmel/avr tools/avr toolchain/bin/../lib/gcc/avr/4.6.2/avrxmega7\libgcc.a(_udivmodsi4.o)
 .debug_aranges
                0x00000080       0x20 c:/program files (x86)/atmel/avr tools/avr toolchain/bin/../lib/gcc/avr/4.6.2/avrxmega7\libgcc.a(_exit.o)
 .debug_aranges
                0x000000a0       0x20 c:/program files (x86)/atmel/avr tools/avr toolchain/bin/../lib/gcc/avr/4.6.2/avrxmega7\libgcc.a(_copy_data.o)
 .debug_aranges
                0x000000c0       0x20 c:/program files (x86)/atmel/avr tools/avr toolchain/bin/../lib/gcc/avr/4.6.2/avrxmega7\libgcc.a(_clear_bss.o)

.debug_pubnames
 *(.debug_pubnames)

.debug_info     0x00000000      0x62e
 *(.debug_info)
 .debug_info    0x00000000       0xe2 c:/program files (x86)/atmel/avr tools/avr toolchain/bin/../lib/gcc/avr/4.6.2/avrxmega7\libgcc.a(_mulsi3.o)
 .debug_info    0x000000e2       0xe2 c:/program files (x86)/atmel/avr tools/avr toolchain/bin/../lib/gcc/avr/4.6.2/avrxmega7\libgcc.a(_udivmodhi4.o)
 .debug_info    0x000001c4       0xe2 c:/program files (x86)/atmel/avr tools/avr toolchain/bin/../lib/gcc/avr/4.6.2/avrxmega7\libgcc.a(_divmodhi4.o)
 .debug_info    0x000002a6       0xe2 c:/program files (x86)/atmel/avr tools/avr toolchain/bin/../lib/gcc/avr/4.6.2/avrxmega7\libgcc.a(_udivmodsi4.o)
 .debug_info    0x00000388       0xe2 c:/program files (x86)/atmel/avr tools/avr toolchain/bin/../lib/gcc/avr/4.6.2/avrxmega7\libgcc.a(_exit.o)
 .debug_info    0x0000046a       0xe2 c:/program files (x86)/atmel/avr tools/avr toolchain/bin/../lib/gcc/avr/4.6.2/avrxmega7\libgcc.a(_copy_data.o)
 .debug_info    0x0000054c       0xe2 c:/program files (x86)/atmel/avr tools/avr toolchain/bin/../lib/gcc/avr/4.6.2/avrxmega7\libgcc.a(_clear_bss.o)
 *(.gnu.linkonce.wi.*)

.debug_abbrev   0x00000000       0x8c
 *(.debug_abbrev)
 .debug_abbrev  0x00000000       0x14 c:/program files (x86)/atmel/avr tools/avr toolchain/bin/../lib/gcc/avr/4.6.2/avrxmega7\libgcc.a(_mulsi3.o)
 .debug_abbrev  0x00000014       0x14 c:/program files (x86)/atmel/avr tools/avr toolchain/bin/../lib/gcc/avr/4.6.2/avrxmega7\libgcc.a(_udivmodhi4.o)
 .debug_abbrev  0x00000028       0x14 c:/program files (x86)/atmel/avr tools/avr toolchain/bin/../lib/gcc/avr/4.6.2/avrxmega7\libgcc.a(_divmodhi4.o)
 .debug_abbrev  0x0000003c       0x14 c:/program files (x86)/atmel/avr tools/avr toolchain/bin/../lib/gcc/avr/4.6.2/avrxmega7\libgcc.a(_udivmodsi4.o)
 .debug_abbrev  0x00000050       0x14 c:/program files (x86)/atmel/avr tools/avr toolchain/bin/../lib/gcc/avr/4.6.2/avrxmega7\libgcc.a(_exit.o)
 .debug_abbrev  0x00000064       0x14 c:/program files (x86)/atmel/avr tools/avr toolchain/bin/../lib/gcc/avr/4.6.2/avrxmega7\libgcc.a(_copy_data.o)
 .debug_abbrev  0x00000078       0x14 c:/program files (x86)/atmel/avr tools/avr toolchain/bin/../lib/gcc/avr/4.6.2/avrxmega7\libgcc.a(_clear_bss.o)

.debug_line     0x00000000      0x42c
 *(.debug_line)
 .debug_line    0x00000000       0xa5 c:/program files (x86)/atmel/avr tools/avr toolchain/bin/../lib/gcc/avr/4.6.2/avrxmega7\libgcc.a(_mulsi3.o)
 .debug_line    0x000000a5       0x9a c:/program files (x86)/atmel/avr tools/avr toolchain/bin/../lib/gcc/avr/4.6.2/avrxmega7\libgcc.a(_udivmodhi4.o)
 .debug_line    0x0000013f       0x99 c:/program files (x86)/atmel/avr tools/avr toolchain/bin/../lib/gcc/avr/4.6.2/avrxmega7\libgcc.a(_divmodhi4.o)
 .debug_line    0x000001d8       0xa8 c:/program files (x86)/atmel/avr tools/avr toolchain/bin/../lib/gcc/avr/4.6.2/avrxmega7\libgcc.a(_udivmodsi4.o)
 .debug_line    0x00000280       0x88 c:/program files (x86)/atmel/avr tools/avr toolchain/bin/../lib/gcc/avr/4.6.2/avrxmega7\libgcc.a(_exit.o)
 .debug_line    0x00000308       0x96 c:/program files (x86)/atmel/avr tools/avr toolchain/bin/../lib/gcc/avr/4.6.2/avrxmega7\libgcc.a(_copy_data.o)
 .debug_line    0x0000039e       0x8e c:/program files (x86)/atmel/avr tools/avr toolchain/bin/../lib/gcc/avr/4.6.2/avrxmega7\libgcc.a(_clear_bss.o)

.debug_frame
 *(.debug_frame)

.debug_str
 *(.debug_str)

.debug_loc
 *(.debug_loc)

.debug_macinfo
 *(.debug_macinfo)
OUTPUT(basis_uebung.elf elf32-avr)
LOAD linker stubs
